Archive member included because of file (symbol)

c:/winavr-20100110/bin/../lib/gcc/avr/4.3.3/avr51\libgcc.a(_exit.o)
                              c:/winavr-20100110/bin/../lib/gcc/avr/4.3.3/../../../../avr/lib/avr51/crtm128.o (exit)
c:/winavr-20100110/bin/../lib/gcc/avr/4.3.3/avr51\libgcc.a(_clear_bss.o)
                              Simulator.o (__do_clear_bss)
c:/winavr-20100110/bin/../lib/gcc/avr/4.3.3/../../../../avr/lib/avr51\libc.a(eerd_byte_atmega128.o)
                              EEPROM.o (__eerd_byte_m128)
c:/winavr-20100110/bin/../lib/gcc/avr/4.3.3/../../../../avr/lib/avr51\libc.a(eewr_byte_atmega128.o)
                              EEPROM.o (__eewr_byte_m128)

Allocating common symbols
Common symbol       size              file

EEPROM_PARAM        0x40              Simulator.o
RecvBuffer          0xff              USART.o
DiagArray           0xf               DiagPorts.o

Memory Configuration

Name             Origin             Length             Attributes
text             0x00000000         0x00020000         xr
data             0x00800060         0x0000ffa0         rw !x
eeprom           0x00810000         0x00010000         rw !x
fuse             0x00820000         0x00000400         rw !x
lock             0x00830000         0x00000400         rw !x
signature        0x00840000         0x00000400         rw !x
*default*        0x00000000         0xffffffff

Linker script and memory map

Address of section .data set to 0x800100
LOAD c:/winavr-20100110/bin/../lib/gcc/avr/4.3.3/../../../../avr/lib/avr51/crtm128.o
LOAD Simulator.o
LOAD USART.o
LOAD crc8.o
LOAD EEPROM.o
LOAD DiagPorts.o
LOAD c:/winavr-20100110/bin/../lib/gcc/avr/4.3.3/avr51\libgcc.a
LOAD c:/winavr-20100110/bin/../lib/gcc/avr/4.3.3/../../../../avr/lib/avr51\libc.a
LOAD c:/winavr-20100110/bin/../lib/gcc/avr/4.3.3/avr51\libgcc.a

.hash
 *(.hash)

.dynsym
 *(.dynsym)

.dynstr
 *(.dynstr)

.gnu.version
 *(.gnu.version)

.gnu.version_d
 *(.gnu.version_d)

.gnu.version_r
 *(.gnu.version_r)

.rel.init
 *(.rel.init)

.rela.init
 *(.rela.init)

.rel.text
 *(.rel.text)
 *(.rel.text.*)
 *(.rel.gnu.linkonce.t*)

.rela.text
 *(.rela.text)
 *(.rela.text.*)
 *(.rela.gnu.linkonce.t*)

.rel.fini
 *(.rel.fini)

.rela.fini
 *(.rela.fini)

.rel.rodata
 *(.rel.rodata)
 *(.rel.rodata.*)
 *(.rel.gnu.linkonce.r*)

.rela.rodata
 *(.rela.rodata)
 *(.rela.rodata.*)
 *(.rela.gnu.linkonce.r*)

.rel.data
 *(.rel.data)
 *(.rel.data.*)
 *(.rel.gnu.linkonce.d*)

.rela.data
 *(.rela.data)
 *(.rela.data.*)
 *(.rela.gnu.linkonce.d*)

.rel.ctors
 *(.rel.ctors)

.rela.ctors
 *(.rela.ctors)

.rel.dtors
 *(.rel.dtors)

.rela.dtors
 *(.rela.dtors)

.rel.got
 *(.rel.got)

.rela.got
 *(.rela.got)

.rel.bss
 *(.rel.bss)

.rela.bss
 *(.rela.bss)

.rel.plt
 *(.rel.plt)

.rela.plt
 *(.rela.plt)

.text           0x00000000      0x686
 *(.vectors)
 .vectors       0x00000000       0x8c c:/winavr-20100110/bin/../lib/gcc/avr/4.3.3/../../../../avr/lib/avr51/crtm128.o
                0x00000000                __vectors
                0x00000000                __vector_default
 *(.vectors)
 *(.progmem.gcc*)
 *(.progmem*)
                0x0000008c                . = ALIGN (0x2)
                0x0000008c                __trampolines_start = .
 *(.trampolines)
 .trampolines   0x0000008c        0x0 linker stubs
 *(.trampolines*)
                0x0000008c                __trampolines_end = .
 *(.jumptables)
 *(.jumptables*)
 *(.lowtext)
 *(.lowtext*)
                0x0000008c                __ctors_start = .
 *(.ctors)
                0x0000008c                __ctors_end = .
                0x0000008c                __dtors_start = .
 *(.dtors)
                0x0000008c                __dtors_end = .
 SORT(*)(.ctors)
 SORT(*)(.dtors)
 *(.init0)
 .init0         0x0000008c        0x0 c:/winavr-20100110/bin/../lib/gcc/avr/4.3.3/../../../../avr/lib/avr51/crtm128.o
                0x0000008c                __init
 *(.init0)
 *(.init1)
 *(.init1)
 *(.init2)
 .init2         0x0000008c        0xc c:/winavr-20100110/bin/../lib/gcc/avr/4.3.3/../../../../avr/lib/avr51/crtm128.o
 *(.init2)
 *(.init3)
 *(.init3)
 *(.init4)
 .init4         0x00000098       0x1a c:/winavr-20100110/bin/../lib/gcc/avr/4.3.3/../../../../avr/lib/avr51/crtm128.o
                0x00000098                __do_copy_data
 .init4         0x000000b2       0x10 c:/winavr-20100110/bin/../lib/gcc/avr/4.3.3/avr51\libgcc.a(_clear_bss.o)
                0x000000b2                __do_clear_bss
 *(.init4)
 *(.init5)
 *(.init5)
 *(.init6)
 *(.init6)
 *(.init7)
 *(.init7)
 *(.init8)
 *(.init8)
 *(.init9)
 .init9         0x000000c2        0x8 c:/winavr-20100110/bin/../lib/gcc/avr/4.3.3/../../../../avr/lib/avr51/crtm128.o
 *(.init9)
 *(.text)
 .text          0x000000ca        0x4 c:/winavr-20100110/bin/../lib/gcc/avr/4.3.3/../../../../avr/lib/avr51/crtm128.o
                0x000000ca                __vector_22
                0x000000ca                __vector_28
                0x000000ca                __vector_1
                0x000000ca                __vector_32
                0x000000ca                __vector_34
                0x000000ca                __vector_24
                0x000000ca                __vector_12
                0x000000ca                __bad_interrupt
                0x000000ca                __vector_6
                0x000000ca                __vector_31
                0x000000ca                __vector_3
                0x000000ca                __vector_23
                0x000000ca                __vector_30
                0x000000ca                __vector_25
                0x000000ca                __vector_11
                0x000000ca                __vector_13
                0x000000ca                __vector_17
                0x000000ca                __vector_19
                0x000000ca                __vector_7
                0x000000ca                __vector_27
                0x000000ca                __vector_5
                0x000000ca                __vector_33
                0x000000ca                __vector_4
                0x000000ca                __vector_9
                0x000000ca                __vector_2
                0x000000ca                __vector_15
                0x000000ca                __vector_29
                0x000000ca                __vector_8
                0x000000ca                __vector_26
                0x000000ca                __vector_14
                0x000000ca                __vector_20
 .text          0x000000ce       0xce Simulator.o
                0x000000ec                main
                0x000000ce                delay
 .text          0x0000019c      0x178 USART.o
                0x000001c0                SendStr
                0x000001b0                SendByte
                0x000001b8                ReceiveByte
                0x0000019c                InitUSART
                0x0000023a                __vector_18
                0x000001e8                SendData
 .text          0x00000314       0x1c crc8.o
                0x00000314                CalcCRC8
 .text          0x00000330       0x4e EEPROM.o
                0x00000330                InitEepromParam
                0x0000036c                SendEepromParam
                0x00000354                SetEepromParam
 .text          0x0000037e      0x2da DiagPorts.o
                0x00000580                SendPortIO
                0x000003c0                InitADC
                0x0000053c                SetDiscreteInputState
                0x000003a6                InitTimer2
                0x00000398                StartDiagPorts
                0x00000476                GetDiscreteInputsState
                0x0000037e                InitTimer0
                0x00000408                __vector_21
                0x000003ca                __vector_10
                0x000005d2                __vector_16
 .text          0x00000658        0x0 c:/winavr-20100110/bin/../lib/gcc/avr/4.3.3/avr51\libgcc.a(_exit.o)
 .text          0x00000658        0x0 c:/winavr-20100110/bin/../lib/gcc/avr/4.3.3/avr51\libgcc.a(_clear_bss.o)
 .text          0x00000658        0x0 c:/winavr-20100110/bin/../lib/gcc/avr/4.3.3/../../../../avr/lib/avr51\libc.a(eerd_byte_atmega128.o)
 .text          0x00000658        0x0 c:/winavr-20100110/bin/../lib/gcc/avr/4.3.3/../../../../avr/lib/avr51\libc.a(eewr_byte_atmega128.o)
                0x00000658                . = ALIGN (0x2)
 *(.text.*)
 .text.libgcc   0x00000658        0x0 c:/winavr-20100110/bin/../lib/gcc/avr/4.3.3/avr51\libgcc.a(_exit.o)
 .text.libgcc   0x00000658        0x0 c:/winavr-20100110/bin/../lib/gcc/avr/4.3.3/avr51\libgcc.a(_clear_bss.o)
 .text.avr-libc
                0x00000658       0x10 c:/winavr-20100110/bin/../lib/gcc/avr/4.3.3/../../../../avr/lib/avr51\libc.a(eerd_byte_atmega128.o)
                0x00000658                __eerd_byte_m128
 .text.avr-libc
                0x00000668       0x1a c:/winavr-20100110/bin/../lib/gcc/avr/4.3.3/../../../../avr/lib/avr51\libc.a(eewr_byte_atmega128.o)
                0x0000066a                __eewr_r18_m128
                0x00000668                __eewr_byte_m128
                0x00000682                . = ALIGN (0x2)
 *(.fini9)
 .fini9         0x00000682        0x0 c:/winavr-20100110/bin/../lib/gcc/avr/4.3.3/avr51\libgcc.a(_exit.o)
                0x00000682                exit
                0x00000682                _exit
 *(.fini9)
 *(.fini8)
 *(.fini8)
 *(.fini7)
 *(.fini7)
 *(.fini6)
 *(.fini6)
 *(.fini5)
 *(.fini5)
 *(.fini4)
 *(.fini4)
 *(.fini3)
 *(.fini3)
 *(.fini2)
 *(.fini2)
 *(.fini1)
 *(.fini1)
 *(.fini0)
 .fini0         0x00000682        0x4 c:/winavr-20100110/bin/../lib/gcc/avr/4.3.3/avr51\libgcc.a(_exit.o)
 *(.fini0)
                0x00000686                _etext = .

.data           0x00800100      0x21e load address 0x00000686
                0x00800100                PROVIDE (__data_start, .)
 *(.data)
 .data          0x00800100        0x0 c:/winavr-20100110/bin/../lib/gcc/avr/4.3.3/../../../../avr/lib/avr51/crtm128.o
 .data          0x00800100      0x104 Simulator.o
 .data          0x00800204        0x0 USART.o
 .data          0x00800204      0x100 crc8.o
                0x00800204                TableCRC8
 .data          0x00800304        0x0 EEPROM.o
 .data          0x00800304       0x19 DiagPorts.o
                0x0080031b                pDiagAnalogArray
                0x00800319                pDiagDiscreteArray
                0x00800304                AddressPort
 .data          0x0080031d        0x0 c:/winavr-20100110/bin/../lib/gcc/avr/4.3.3/avr51\libgcc.a(_exit.o)
 .data          0x0080031d        0x0 c:/winavr-20100110/bin/../lib/gcc/avr/4.3.3/avr51\libgcc.a(_clear_bss.o)
 .data          0x0080031d        0x0 c:/winavr-20100110/bin/../lib/gcc/avr/4.3.3/../../../../avr/lib/avr51\libc.a(eerd_byte_atmega128.o)
 .data          0x0080031d        0x0 c:/winavr-20100110/bin/../lib/gcc/avr/4.3.3/../../../../avr/lib/avr51\libc.a(eewr_byte_atmega128.o)
 *(.data*)
 *(.rodata)
 *(.rodata*)
 *(.gnu.linkonce.d*)
                0x0080031e                . = ALIGN (0x2)
 *fill*         0x0080031d        0x1 00
                0x0080031e                _edata = .
                0x0080031e                PROVIDE (__data_end, .)

.bss            0x0080031e      0x152
                0x0080031e                PROVIDE (__bss_start, .)
 *(.bss)
 .bss           0x0080031e        0x0 c:/winavr-20100110/bin/../lib/gcc/avr/4.3.3/../../../../avr/lib/avr51/crtm128.o
 .bss           0x0080031e        0x0 Simulator.o
 .bss           0x0080031e        0x1 USART.o
                0x0080031e                RecvIndex
 .bss           0x0080031f        0x0 crc8.o
 .bss           0x0080031f        0x0 EEPROM.o
 .bss           0x0080031f        0x3 DiagPorts.o
                0x0080031f                Tick0Count
                0x00800321                InputADC
                0x00800320                Tick2Count
 .bss           0x00800322        0x0 c:/winavr-20100110/bin/../lib/gcc/avr/4.3.3/avr51\libgcc.a(_exit.o)
 .bss           0x00800322        0x0 c:/winavr-20100110/bin/../lib/gcc/avr/4.3.3/avr51\libgcc.a(_clear_bss.o)
 .bss           0x00800322        0x0 c:/winavr-20100110/bin/../lib/gcc/avr/4.3.3/../../../../avr/lib/avr51\libc.a(eerd_byte_atmega128.o)
 .bss           0x00800322        0x0 c:/winavr-20100110/bin/../lib/gcc/avr/4.3.3/../../../../avr/lib/avr51\libc.a(eewr_byte_atmega128.o)
 *(.bss*)
 *(COMMON)
 COMMON         0x00800322       0x40 Simulator.o
                0x00800322                EEPROM_PARAM
 COMMON         0x00800362       0xff USART.o
                0x00800362                RecvBuffer
 COMMON         0x00800461        0xf DiagPorts.o
                0x00800461                DiagArray
                0x00800470                PROVIDE (__bss_end, .)
                0x00000686                __data_load_start = LOADADDR (.data)
                0x000008a4                __data_load_end = (__data_load_start + SIZEOF (.data))

.noinit         0x00800470        0x0
                0x00800470                PROVIDE (__noinit_start, .)
 *(.noinit*)
                0x00800470                PROVIDE (__noinit_end, .)
                0x00800470                _end = .
                0x00800470                PROVIDE (__heap_start, .)

.eeprom         0x00810000        0x0
 *(.eeprom*)
                0x00810000                __eeprom_end = .

.fuse
 *(.fuse)
 *(.lfuse)
 *(.hfuse)
 *(.efuse)

.lock
 *(.lock*)

.signature
 *(.signature*)

.stab
 *(.stab)

.stabstr
 *(.stabstr)

.stab.excl
 *(.stab.excl)

.stab.exclstr
 *(.stab.exclstr)

.stab.index
 *(.stab.index)

.stab.indexstr
 *(.stab.indexstr)

.comment
 *(.comment)

.debug
 *(.debug)

.line
 *(.line)

.debug_srcinfo
 *(.debug_srcinfo)

.debug_sfnames
 *(.debug_sfnames)

.debug_aranges  0x00000000       0xa0
 *(.debug_aranges)
 .debug_aranges
                0x00000000       0x20 Simulator.o
 .debug_aranges
                0x00000020       0x20 USART.o
 .debug_aranges
                0x00000040       0x20 crc8.o
 .debug_aranges
                0x00000060       0x20 EEPROM.o
 .debug_aranges
                0x00000080       0x20 DiagPorts.o

.debug_pubnames
                0x00000000      0x28d
 *(.debug_pubnames)
 .debug_pubnames
                0x00000000       0x36 Simulator.o
 .debug_pubnames
                0x00000036       0x94 USART.o
 .debug_pubnames
                0x000000ca       0x2d crc8.o
 .debug_pubnames
                0x000000f7       0x5e EEPROM.o
 .debug_pubnames
                0x00000155      0x138 DiagPorts.o

.debug_info     0x00000000      0x76d
 *(.debug_info)
 .debug_info    0x00000000      0x11a Simulator.o
 .debug_info    0x0000011a      0x1b4 USART.o
 .debug_info    0x000002ce       0xb2 crc8.o
 .debug_info    0x00000380       0xfb EEPROM.o
 .debug_info    0x0000047b      0x2f2 DiagPorts.o
 *(.gnu.linkonce.wi.*)

.debug_abbrev   0x00000000      0x46b
 *(.debug_abbrev)
 .debug_abbrev  0x00000000       0xba Simulator.o
 .debug_abbrev  0x000000ba       0xde USART.o
 .debug_abbrev  0x00000198       0xa7 crc8.o
 .debug_abbrev  0x0000023f       0xbe EEPROM.o
 .debug_abbrev  0x000002fd      0x16e DiagPorts.o

.debug_line     0x00000000      0x7a8
 *(.debug_line)
 .debug_line    0x00000000      0x165 Simulator.o
 .debug_line    0x00000165      0x24a USART.o
 .debug_line    0x000003af       0x82 crc8.o
 .debug_line    0x00000431       0xda EEPROM.o
 .debug_line    0x0000050b      0x29d DiagPorts.o

.debug_frame    0x00000000      0x1b0
 *(.debug_frame)
 .debug_frame   0x00000000       0x30 Simulator.o
 .debug_frame   0x00000030       0x70 USART.o
 .debug_frame   0x000000a0       0x20 crc8.o
 .debug_frame   0x000000c0       0x40 EEPROM.o
 .debug_frame   0x00000100       0xb0 DiagPorts.o

.debug_str      0x00000000      0x2ca
 *(.debug_str)
 .debug_str     0x00000000       0xa9 Simulator.o
                                 0xe2 (size before relaxing)
 .debug_str     0x000000a9       0x8d USART.o
                                0x144 (size before relaxing)
 .debug_str     0x00000136       0x1d crc8.o
                                 0x90 (size before relaxing)
 .debug_str     0x00000153       0x49 EEPROM.o
                                0x101 (size before relaxing)
 .debug_str     0x0000019c      0x12e DiagPorts.o
                                0x1f6 (size before relaxing)

.debug_loc      0x00000000      0x14b
 *(.debug_loc)
 .debug_loc     0x00000000       0x8c USART.o
 .debug_loc     0x0000008c       0x46 crc8.o
 .debug_loc     0x000000d2       0x26 EEPROM.o
 .debug_loc     0x000000f8       0x53 DiagPorts.o

.debug_macinfo
 *(.debug_macinfo)
OUTPUT(Simulator.elf elf32-avr)
LOAD linker stubs
